flutter : Unable to 
find suitable Visual 
Studio toolchain. 
Please run `flutter 
doctor` for more 
details.
En línea: 1 Carácter: 
1
+ flutter build 
windows 2>&1 > C:\User
s\Johan\Documents\gith
ub\j3d\buil ...
+ ~~~~~~~~~~~~~~~~~~~~
~~~~~~~~~~~~~~~~~~~~~~
~~~~~~~~~~~~~~~~~~~~~~
~~~~~
    + CategoryInfo    
          : NotSpeci  
  fied: (Unable to    
 find ...r more de    
tails.:String) []    
, RemoteException
    + FullyQualifiedE 
   rrorId : NativeCo  
  mmandError
 
